INFO:Detectors:
Detector: missing-zero-check
Ownable2Step.transferOwnership(address).newOwner (node_modules/@openzeppelin/contracts/access/Ownable2Step.sol#43) lacks a zero-check on :
		- _pendingOwner = newOwner (node_modules/@openzeppelin/contracts/access/Ownable2Step.sol#44)
AuctionHouse.constructor(address,address,uint16).initialFeeRecipient (contracts/src/AuctionHouse.sol#337) lacks a zero-check on :
		- feeRecipient = initialFeeRecipient (contracts/src/AuctionHouse.sol#340)
AuctionHouse.setFeeRecipient(address).recipient (contracts/src/AuctionHouse.sol#604) lacks a zero-check on :
		- feeRecipient = recipient (contracts/src/AuctionHouse.sol#606)
Reference: https://github.com/crytic/slither/wiki/Detector-Documentation#missing-zero-address-validation
INFO:Detectors:
Detector: timestamp
AuctionHouse.bid(uint256) (contracts/src/AuctionHouse.sol#417-461) uses timestamp for comparisons
	Dangerous comparisons:
	- block.timestamp >= auction.endTime (contracts/src/AuctionHouse.sol#422)
	- endTime - uint64(block.timestamp) <= ANTI_SNIPE_WINDOW && auction.extensionCount < MAX_EXTENSIONS (contracts/src/AuctionHouse.sol#449)
AuctionHouse.buyNow(uint256) (contracts/src/AuctionHouse.sol#470-503) uses timestamp for comparisons
	Dangerous comparisons:
	- block.timestamp >= auction.endTime (contracts/src/AuctionHouse.sol#474)
AuctionHouse.settle(uint256) (contracts/src/AuctionHouse.sol#514-522) uses timestamp for comparisons
	Dangerous comparisons:
	- block.timestamp < auction.endTime (contracts/src/AuctionHouse.sol#518)
AuctionHouse.getAuctions(uint256,uint256) (contracts/src/AuctionHouse.sol#632-644) uses timestamp for comparisons
	Dangerous comparisons:
	- offset >= total (contracts/src/AuctionHouse.sol#634)
	- i < size (contracts/src/AuctionHouse.sol#641)
	- limit < available (contracts/src/AuctionHouse.sol#638)
AuctionHouse.timeRemaining(uint256) (contracts/src/AuctionHouse.sol#670-675) uses timestamp for comparisons
	Dangerous comparisons:
	- block.timestamp >= auction.endTime (contracts/src/AuctionHouse.sol#673)
AuctionHouse.isSettleable(uint256) (contracts/src/AuctionHouse.sol#702-706) uses timestamp for comparisons
	Dangerous comparisons:
	- auctionId >= _auctions.length (contracts/src/AuctionHouse.sol#703)
	- auction.status == Status.Live && block.timestamp >= auction.endTime (contracts/src/AuctionHouse.sol#705)
AuctionHouse._auctionAt(uint256) (contracts/src/AuctionHouse.sol#830-833) uses timestamp for comparisons
	Dangerous comparisons:
	- auctionId >= _auctions.length (contracts/src/AuctionHouse.sol#831)
Reference: https://github.com/crytic/slither/wiki/Detector-Documentation#block-timestamp
INFO:Detectors:
Detector: assembly
StorageSlot.getAddressSlot(bytes32) (node_modules/@openzeppelin/contracts/utils/StorageSlot.sol#66-70) uses assembly
	- INLINE ASM (node_modules/@openzeppelin/contracts/utils/StorageSlot.sol#67-69)
StorageSlot.getBooleanSlot(bytes32) (node_modules/@openzeppelin/contracts/utils/StorageSlot.sol#75-79) uses assembly
	- INLINE ASM (node_modules/@openzeppelin/contracts/utils/StorageSlot.sol#76-78)
StorageSlot.getBytes32Slot(bytes32) (node_modules/@openzeppelin/contracts/utils/StorageSlot.sol#84-88) uses assembly
	- INLINE ASM (node_modules/@openzeppelin/contracts/utils/StorageSlot.sol#85-87)
StorageSlot.getUint256Slot(bytes32) (node_modules/@openzeppelin/contracts/utils/StorageSlot.sol#93-97) uses assembly
	- INLINE ASM (node_modules/@openzeppelin/contracts/utils/StorageSlot.sol#94-96)
StorageSlot.getInt256Slot(bytes32) (node_modules/@openzeppelin/contracts/utils/StorageSlot.sol#102-106) uses assembly
	- INLINE ASM (node_modules/@openzeppelin/contracts/utils/StorageSlot.sol#103-105)
StorageSlot.getStringSlot(bytes32) (node_modules/@openzeppelin/contracts/utils/StorageSlot.sol#111-115) uses assembly
	- INLINE ASM (node_modules/@openzeppelin/contracts/utils/StorageSlot.sol#112-114)
StorageSlot.getStringSlot(string) (node_modules/@openzeppelin/contracts/utils/StorageSlot.sol#120-124) uses assembly
	- INLINE ASM (node_modules/@openzeppelin/contracts/utils/StorageSlot.sol#121-123)
StorageSlot.getBytesSlot(bytes32) (node_modules/@openzeppelin/contracts/utils/StorageSlot.sol#129-133) uses assembly
	- INLINE ASM (node_modules/@openzeppelin/contracts/utils/StorageSlot.sol#130-132)
StorageSlot.getBytesSlot(bytes) (node_modules/@openzeppelin/contracts/utils/StorageSlot.sol#138-142) uses assembly
	- INLINE ASM (node_modules/@openzeppelin/contracts/utils/StorageSlot.sol#139-141)
Reference: https://github.com/crytic/slither/wiki/Detector-Documentation#assembly-usage
INFO:Detectors:
Detector: pragma
5 different versions of Solidity are used:
	- Version constraint 0.8.36 is used by:
		-0.8.36 (contracts/src/AuctionHouse.sol#2)
	- Version constraint ^0.8.20 is used by:
		-^0.8.20 (node_modules/@openzeppelin/contracts/access/Ownable.sol#4)
		-^0.8.20 (node_modules/@openzeppelin/contracts/access/Ownable2Step.sol#4)
		-^0.8.20 (node_modules/@openzeppelin/contracts/token/ERC721/utils/ERC721Holder.sol#4)
		-^0.8.20 (node_modules/@openzeppelin/contracts/utils/Context.sol#4)
		-^0.8.20 (node_modules/@openzeppelin/contracts/utils/Pausable.sol#4)
		-^0.8.20 (node_modules/@openzeppelin/contracts/utils/ReentrancyGuard.sol#4)
		-^0.8.20 (node_modules/@openzeppelin/contracts/utils/StorageSlot.sol#5)
	- Version constraint >=0.6.2 is used by:
		->=0.6.2 (node_modules/@openzeppelin/contracts/token/ERC721/IERC721.sol#4)
	- Version constraint >=0.5.0 is used by:
		->=0.5.0 (node_modules/@openzeppelin/contracts/token/ERC721/IERC721Receiver.sol#4)
	- Version constraint >=0.4.16 is used by:
		->=0.4.16 (node_modules/@openzeppelin/contracts/utils/introspection/IERC165.sol#4)
Reference: https://github.com/crytic/slither/wiki/Detector-Documentation#different-pragma-directives-are-used
INFO:Detectors:
Detector: dead-code
Context._contextSuffixLength() (node_modules/@openzeppelin/contracts/utils/Context.sol#25-27) is never used and should be removed
Context._msgData() (node_modules/@openzeppelin/contracts/utils/Context.sol#21-23) is never used and should be removed
Reference: https://github.com/crytic/slither/wiki/Detector-Documentation#dead-code
INFO:Detectors:
Detector: solc-version
Version constraint ^0.8.20 contains known severe issues (https://solidity.readthedocs.io/en/latest/bugs.html)
	- VerbatimInvalidDeduplication
	- FullInlinerNonExpressionSplitArgumentEvaluationOrder
	- MissingSideEffectsOnSelectorAccess.
It is used by:
	- ^0.8.20 (node_modules/@openzeppelin/contracts/access/Ownable.sol#4)
	- ^0.8.20 (node_modules/@openzeppelin/contracts/access/Ownable2Step.sol#4)
	- ^0.8.20 (node_modules/@openzeppelin/contracts/token/ERC721/utils/ERC721Holder.sol#4)
	- ^0.8.20 (node_modules/@openzeppelin/contracts/utils/Context.sol#4)
	- ^0.8.20 (node_modules/@openzeppelin/contracts/utils/Pausable.sol#4)
	- ^0.8.20 (node_modules/@openzeppelin/contracts/utils/ReentrancyGuard.sol#4)
	- ^0.8.20 (node_modules/@openzeppelin/contracts/utils/StorageSlot.sol#5)
Version constraint >=0.6.2 contains known severe issues (https://solidity.readthedocs.io/en/latest/bugs.html)
	- MissingSideEffectsOnSelectorAccess
	- AbiReencodingHeadOverflowWithStaticArrayCleanup
	- DirtyBytesArrayToStorage
	- NestedCalldataArrayAbiReencodingSizeValidation
	- ABIDecodeTwoDimensionalArrayMemory
	- KeccakCaching
	- EmptyByteArrayCopy
	- DynamicArrayCleanup
	- MissingEscapingInFormatting
	- ArraySliceDynamicallyEncodedBaseType
	- ImplicitConstructorCallvalueCheck
	- TupleAssignmentMultiStackSlotComponents
	- MemoryArrayCreationOverflow.
It is used by:
	- >=0.6.2 (node_modules/@openzeppelin/contracts/token/ERC721/IERC721.sol#4)
Version constraint >=0.5.0 contains known severe issues (https://solidity.readthedocs.io/en/latest/bugs.html)
	- DirtyBytesArrayToStorage
	- ABIDecodeTwoDimensionalArrayMemory
	- KeccakCaching
	- EmptyByteArrayCopy
	- DynamicArrayCleanup
	- ImplicitConstructorCallvalueCheck
	- TupleAssignmentMultiStackSlotComponents
	- MemoryArrayCreationOverflow
	- privateCanBeOverridden
	- SignedArrayStorageCopy
	- ABIEncoderV2StorageArrayWithMultiSlotElement
	- DynamicConstructorArgumentsClippedABIV2
	- UninitializedFunctionPointerInConstructor
	- IncorrectEventSignatureInLibraries
	- ABIEncoderV2PackedStorage.
It is used by:
	- >=0.5.0 (node_modules/@openzeppelin/contracts/token/ERC721/IERC721Receiver.sol#4)
Version constraint >=0.4.16 contains known severe issues (https://solidity.readthedocs.io/en/latest/bugs.html)
	- DirtyBytesArrayToStorage
	- ABIDecodeTwoDimensionalArrayMemory
	- KeccakCaching
	- EmptyByteArrayCopy
	- DynamicArrayCleanup
	- ImplicitConstructorCallvalueCheck
	- TupleAssignmentMultiStackSlotComponents
	- MemoryArrayCreationOverflow
	- privateCanBeOverridden
	- SignedArrayStorageCopy
	- ABIEncoderV2StorageArrayWithMultiSlotElement
	- DynamicConstructorArgumentsClippedABIV2
	- UninitializedFunctionPointerInConstructor_0.4.x
	- IncorrectEventSignatureInLibraries_0.4.x
	- ExpExponentCleanup
	- NestedArrayFunctionCallDecoder
	- ZeroFunctionSelector.
It is used by:
	- >=0.4.16 (node_modules/@openzeppelin/contracts/utils/introspection/IERC165.sol#4)
Reference: https://github.com/crytic/slither/wiki/Detector-Documentation#incorrect-versions-of-solidity
INFO:Detectors:
Detector: low-level-calls
Low level call in AuctionHouse.withdraw() (contracts/src/AuctionHouse.sol#554-565):
	- (ok,None) = address(msg.sender).call{value: amount}() (contracts/src/AuctionHouse.sol#561)
Reference: https://github.com/crytic/slither/wiki/Detector-Documentation#low-level-calls
INFO:Detectors:
Detector: unindexed-event-address
Event Pausable.Paused(address) (node_modules/@openzeppelin/contracts/utils/Pausable.sol#23) has address parameters but no indexed parameters
Event Pausable.Unpaused(address) (node_modules/@openzeppelin/contracts/utils/Pausable.sol#28) has address parameters but no indexed parameters
Reference: https://github.com/crytic/slither/wiki/Detector-Documentation#unindexed-event-address-parameters
INFO:Slither:contracts/src/AuctionHouse.sol analyzed (11 contracts with 102 detectors), 29 result(s) found
